=== scaling: nodes=2 proc=96 dataset=stackoverflow_a2q_tw strong(total=8000000) nwalk/rank=83333 emb=0 mode=fused ===
rank=54/96 dataset=stackoverflow_a2q_tw walkers=83333 (4499982..4583314) steps=30 mode=0 sched=single-bucket delta_t=0 policy=0
rank=54 loaded data/96/stackoverflow_a2q_tw.sub54.txt (|V_local|=24486  t_range=[481578,239690861])
rank=54 loaded routing data/96/stackoverflow_a2q_tw.rt54.txt (15379 entries)
rank=54 added 438 boundary-only nodes from routing
rank=53/96 dataset=stackoverflow_a2q_tw walkers=83333 (4416649..4499981) steps=30 mode=0 sched=single-bucket delta_t=0 policy=0
rank=53 loaded data/96/stackoverflow_a2q_tw.sub53.txt (|V_local|=26298  t_range=[4133563,239697882])
rank=53 loaded routing data/96/stackoverflow_a2q_tw.rt53.txt (13498 entries)
rank=53 added 146 boundary-only nodes from routing
rank=62/96 dataset=stackoverflow_a2q_tw walkers=83333 (5166646..5249978) steps=30 mode=0 sched=single-bucket delta_t=0 policy=0
rank=62 loaded data/96/stackoverflow_a2q_tw.sub62.txt (|V_local|=26081  t_range=[2399229,239687617])
rank=62 loaded routing data/96/stackoverflow_a2q_tw.rt62.txt (12312 entries)
rank=62 added 164 boundary-only nodes from routing
rank=83/96 dataset=stackoverflow_a2q_tw walkers=83333 (6916639..6999971) steps=30 mode=0 sched=single-bucket delta_t=0 policy=0
rank=83 loaded data/96/stackoverflow_a2q_tw.sub83.txt (|V_local|=24183  t_range=[4093422,239697543])
rank=83 loaded routing data/96/stackoverflow_a2q_tw.rt83.txt (16864 entries)
rank=83 added 740 boundary-only nodes from routing
rank=93/96 dataset=stackoverflow_a2q_tw walkers=83333 (7749969..7833301) steps=30 mode=0 sched=single-bucket delta_t=0 policy=0
rank=93 loaded data/96/stackoverflow_a2q_tw.sub93.txt (|V_local|=24604  t_range=[2900682,239696328])
rank=93 loaded routing data/96/stackoverflow_a2q_tw.rt93.txt (9213 entries)
rank=93 added 322 boundary-only nodes from routing
rank=57/96 dataset=stackoverflow_a2q_tw walkers=83333 (4749981..4833313) steps=30 mode=0 sched=single-bucket delta_t=0 policy=0
rank=57 loaded data/96/stackoverflow_a2q_tw.sub57.txt (|V_local|=26240  t_range=[4302103,239691048])
rank=57 loaded routing data/96/stackoverflow_a2q_tw.rt57.txt (14962 entries)
rank=57 added 204 boundary-only nodes from routing
rank=52/96 dataset=stackoverflow_a2q_tw walkers=83333 (4333316..4416648) steps=30 mode=0 sched=single-bucket delta_t=0 policy=0
rank=52 loaded data/96/stackoverflow_a2q_tw.sub52.txt (|V_local|=26119  t_range=[7331056,239698089])
rank=52 loaded routing data/96/stackoverflow_a2q_tw.rt52.txt (16423 entries)
rank=52 added 319 boundary-only nodes from routing
rank=50/96 dataset=stackoverflow_a2q_tw walkers=83333 (4166650..4249982) steps=30 mode=0 sched=single-bucket delta_t=0 policy=0
rank=50 loaded data/96/stackoverflow_a2q_tw.sub50.txt (|V_local|=25787  t_range=[3663032,239696630])
rank=50 loaded routing data/96/stackoverflow_a2q_tw.rt50.txt (16516 entries)
rank=50 added 647 boundary-only nodes from routing
rank=64/96 dataset=stackoverflow_a2q_tw walkers=83333 (5333312..5416644) steps=30 mode=0 sched=single-bucket delta_t=0 policy=0
rank=64 loaded data/96/stackoverflow_a2q_tw.sub64.txt (|V_local|=24146  t_range=[3947889,239682446])
rank=64 loaded routing data/96/stackoverflow_a2q_tw.rt64.txt (16566 entries)
rank=64 added 782 boundary-only nodes from routing
rank=48/96 dataset=stackoverflow_a2q_tw walkers=83333 (3999984..4083316) steps=30 mode=0 sched=single-bucket delta_t=0 policy=0
rank=48 loaded data/96/stackoverflow_a2q_tw.sub48.txt (|V_local|=23951  t_range=[1710941,239680527])
rank=48 loaded routing data/96/stackoverflow_a2q_tw.rt48.txt (17011 entries)
rank=48 added 973 boundary-only nodes from routing
rank=60/96 dataset=stackoverflow_a2q_tw walkers=83333 (4999980..5083312) steps=30 mode=0 sched=single-bucket delta_t=0 policy=0
rank=60 loaded data/96/stackoverflow_a2q_tw.sub60.txt (|V_local|=24242  t_range=[4049750,239698783])
rank=60 loaded routing data/96/stackoverflow_a2q_tw.rt60.txt (15906 entries)
rank=60 added 694 boundary-only nodes from routing
rank=61/96 dataset=stackoverflow_a2q_tw walkers=83333 (5083313..5166645) steps=30 mode=0 sched=single-bucket delta_t=0 policy=0
rank=61 loaded data/96/stackoverflow_a2q_tw.sub61.txt (|V_local|=24365  t_range=[2281032,239687314])
rank=61 loaded routing data/96/stackoverflow_a2q_tw.rt61.txt (15698 entries)
rank=61 added 577 boundary-only nodes from routing
rank=51/96 dataset=stackoverflow_a2q_tw walkers=83333 (4249983..4333315) steps=30 mode=0 sched=single-bucket delta_t=0 policy=0
rank=51 loaded data/96/stackoverflow_a2q_tw.sub51.txt (|V_local|=24425  t_range=[4448712,239685353])
rank=51 loaded routing data/96/stackoverflow_a2q_tw.rt51.txt (15172 entries)
rank=51 added 511 boundary-only nodes from routing
rank=58/96 dataset=stackoverflow_a2q_tw walkers=83333 (4833314..4916646) steps=30 mode=0 sched=single-bucket delta_t=0 policy=0
rank=58 loaded data/96/stackoverflow_a2q_tw.sub58.txt (|V_local|=25110  t_range=[247683,239698070])
rank=58 loaded routing data/96/stackoverflow_a2q_tw.rt58.txt (15957 entries)
rank=58 added 354 boundary-only nodes from routing
rank=56/96 dataset=stackoverflow_a2q_tw walkers=83333 (4666648..4749980) steps=30 mode=0 sched=single-bucket delta_t=0 policy=0
rank=56 loaded data/96/stackoverflow_a2q_tw.sub56.txt (|V_local|=26306  t_range=[526375,239676163])
rank=56 loaded routing data/96/stackoverflow_a2q_tw.rt56.txt (10885 entries)
rank=56 added 138 boundary-only nodes from routing
rank=73/96 dataset=stackoverflow_a2q_tw walkers=83333 (6083309..6166641) steps=30 mode=0 sched=single-bucket delta_t=0 policy=0
rank=73 loaded data/96/stackoverflow_a2q_tw.sub73.txt (|V_local|=26301  t_range=[8454486,239688466])
rank=73 loaded routing data/96/stackoverflow_a2q_tw.rt73.txt (14801 entries)
rank=73 added 143 boundary-only nodes from routing
rank=92/96 dataset=stackoverflow_a2q_tw walkers=83333 (7666636..7749968) steps=30 mode=0 sched=single-bucket delta_t=0 policy=0
rank=92 loaded data/96/stackoverflow_a2q_tw.sub92.txt (|V_local|=24306  t_range=[4154322,239698704])
rank=92 loaded routing data/96/stackoverflow_a2q_tw.rt92.txt (17198 entries)
rank=92 added 622 boundary-only nodes from routing
rank=12/96 dataset=stackoverflow_a2q_tw walkers=83333 (999996..1083328) steps=30 mode=0 sched=single-bucket delta_t=0 policy=0
rank=12 loaded data/96/stackoverflow_a2q_tw.sub12.txt (|V_local|=24419  t_range=[4029518,239697444])
rank=12 loaded routing data/96/stackoverflow_a2q_tw.rt12.txt (16867 entries)
rank=12 added 514 boundary-only nodes from routing
rank=17/96 dataset=stackoverflow_a2q_tw walkers=83333 (1416661..1499993) steps=30 mode=0 sched=single-bucket delta_t=0 policy=0
rank=17 loaded data/96/stackoverflow_a2q_tw.sub17.txt (|V_local|=26253  t_range=[3975511,239694173])
rank=17 loaded routing data/96/stackoverflow_a2q_tw.rt17.txt (16505 entries)
rank=17 added 181 boundary-only nodes from routing
rank=9/96 dataset=stackoverflow_a2q_tw walkers=83333 (749997..833329) steps=30 mode=0 sched=single-bucket delta_t=0 policy=0
rank=9 loaded data/96/stackoverflow_a2q_tw.sub9.txt (|V_local|=24248  t_range=[2305015,239696704])
rank=9 loaded routing data/96/stackoverflow_a2q_tw.rt9.txt (16703 entries)
rank=9 added 681 boundary-only nodes from routing
rank=3/96 dataset=stackoverflow_a2q_tw walkers=83333 (249999..333331) steps=30 mode=0 sched=single-bucket delta_t=0 policy=0
rank=3 loaded data/96/stackoverflow_a2q_tw.sub3.txt (|V_local|=24174  t_range=[1028628,239696492])
rank=3 loaded routing data/96/stackoverflow_a2q_tw.rt3.txt (17648 entries)
rank=3 added 749 boundary-only nodes from routing
rank=26/96 dataset=stackoverflow_a2q_tw walkers=83333 (2166658..2249990) steps=30 mode=0 sched=single-bucket delta_t=0 policy=0
rank=26 loaded data/96/stackoverflow_a2q_tw.sub26.txt (|V_local|=23861  t_range=[433363,239651043])
rank=26 loaded routing data/96/stackoverflow_a2q_tw.rt26.txt (15254 entries)
rank=26 added 1064 boundary-only nodes from routing
rank=8/96 dataset=stackoverflow_a2q_tw walkers=83333 (666664..749996) steps=30 mode=0 sched=single-bucket delta_t=0 policy=0
rank=8 loaded data/96/stackoverflow_a2q_tw.sub8.txt (|V_local|=26320  t_range=[1048569,239696664])
rank=8 loaded routing data/96/stackoverflow_a2q_tw.rt8.txt (10339 entries)
rank=8 added 124 boundary-only nodes from routing
rank=34/96 dataset=stackoverflow_a2q_tw walkers=83333 (2833322..2916654) steps=30 mode=0 sched=single-bucket delta_t=0 policy=0
rank=34 loaded data/96/stackoverflow_a2q_tw.sub34.txt (|V_local|=23838  t_range=[242014,239696338])
rank=34 loaded routing data/96/stackoverflow_a2q_tw.rt34.txt (17380 entries)
rank=34 added 1086 boundary-only nodes from routing
rank=28/96 dataset=stackoverflow_a2q_tw walkers=83333 (2333324..2416656) steps=30 mode=0 sched=single-bucket delta_t=0 policy=0
rank=28 loaded data/96/stackoverflow_a2q_tw.sub28.txt (|V_local|=26422  t_range=[54040,239680955])
rank=28 loaded routing data/96/stackoverflow_a2q_tw.rt28.txt (7939 entries)
rank=28 added 22 boundary-only nodes from routing
rank=1/96 dataset=stackoverflow_a2q_tw walkers=83333 (83333..166665) steps=30 mode=0 sched=single-bucket delta_t=0 policy=0
rank=1 loaded data/96/stackoverflow_a2q_tw.sub1.txt (|V_local|=25003  t_range=[1192947,239694245])
rank=1 loaded routing data/96/stackoverflow_a2q_tw.rt1.txt (13795 entries)
rank=1 added 282 boundary-only nodes from routing
rank=25/96 dataset=stackoverflow_a2q_tw walkers=83333 (2083325..2166657) steps=30 mode=0 sched=single-bucket delta_t=0 policy=0
rank=25 loaded data/96/stackoverflow_a2q_tw.sub25.txt (|V_local|=26098  t_range=[0,239675952])
rank=25 loaded routing data/96/stackoverflow_a2q_tw.rt25.txt (12972 entries)
rank=25 added 346 boundary-only nodes from routing
rank=21/96 dataset=stackoverflow_a2q_tw walkers=83333 (1749993..1833325) steps=30 mode=0 sched=single-bucket delta_t=0 policy=0
rank=21 loaded data/96/stackoverflow_a2q_tw.sub21.txt (|V_local|=24435  t_range=[4121226,239689027])
rank=21 loaded routing data/96/stackoverflow_a2q_tw.rt21.txt (16829 entries)
rank=21 added 493 boundary-only nodes from routing
rank=5/96 dataset=stackoverflow_a2q_tw walkers=83333 (416665..499997) steps=30 mode=0 sched=single-bucket delta_t=0 policy=0
rank=5 loaded data/96/stackoverflow_a2q_tw.sub5.txt (|V_local|=26291  t_range=[1880887,239698110])
rank=5 loaded routing data/96/stackoverflow_a2q_tw.rt5.txt (15497 entries)
rank=5 added 153 boundary-only nodes from routing
rank=13/96 dataset=stackoverflow_a2q_tw walkers=83333 (1083329..1166661) steps=30 mode=0 sched=single-bucket delta_t=0 policy=0
rank=13 loaded data/96/stackoverflow_a2q_tw.sub13.txt (|V_local|=26223  t_range=[3330944,239698455])
rank=13 loaded routing data/96/stackoverflow_a2q_tw.rt13.txt (16709 entries)
rank=13 added 214 boundary-only nodes from routing
rank=6/96 dataset=stackoverflow_a2q_tw walkers=83333 (499998..583330) steps=30 mode=0 sched=single-bucket delta_t=0 policy=0
rank=6 loaded data/96/stackoverflow_a2q_tw.sub6.txt (|V_local|=24031  t_range=[1523759,239694521])
rank=6 loaded routing data/96/stackoverflow_a2q_tw.rt6.txt (15853 entries)
rank=6 added 895 boundary-only nodes from routing
rank=4/96 dataset=stackoverflow_a2q_tw walkers=83333 (333332..416664) steps=30 mode=0 sched=single-bucket delta_t=0 policy=0
rank=4 loaded data/96/stackoverflow_a2q_tw.sub4.txt (|V_local|=26329  t_range=[495252,239697801])
rank=4 loaded routing data/96/stackoverflow_a2q_tw.rt4.txt (13355 entries)
rank=4 added 115 boundary-only nodes from routing
rank=10/96 dataset=stackoverflow_a2q_tw walkers=83333 (833330..916662) steps=30 mode=0 sched=single-bucket delta_t=0 policy=0
rank=10 loaded data/96/stackoverflow_a2q_tw.sub10.txt (|V_local|=26273  t_range=[4289546,239697118])
rank=10 loaded routing data/96/stackoverflow_a2q_tw.rt10.txt (14542 entries)
rank=10 added 171 boundary-only nodes from routing
rank=0/96 dataset=stackoverflow_a2q_tw walkers=83333 (0..83332) steps=30 mode=0 sched=single-bucket delta_t=0 policy=0
rank=0 loaded data/96/stackoverflow_a2q_tw.sub0.txt (|V_local|=24318  t_range=[1612740,239698329])
rank=0 loaded routing data/96/stackoverflow_a2q_tw.rt0.txt (16862 entries)
rank=0 added 609 boundary-only nodes from routing
PHASE compute=1.4130 exchange=6.7695 allreduce=0.5693 emb_xchg=0.0000 s  comm_frac=83.9% [p=96 mode=fused]
E1 cross-rank pairs: 23295776/43103980 (54.05%) [p=96]
rank=0 elapsed=6.207929s sched=single-bucket delta_t=0 total_walkers=7999968
rank=2/96 dataset=stackoverflow_a2q_tw walkers=83333 (166666..249998) steps=30 mode=0 sched=single-bucket delta_t=0 policy=0
rank=2 loaded data/96/stackoverflow_a2q_tw.sub2.txt (|V_local|=25975  t_range=[3092203,239697438])
rank=2 loaded routing data/96/stackoverflow_a2q_tw.rt2.txt (15844 entries)
rank=2 added 267 boundary-only nodes from routing
rank=43/96 dataset=stackoverflow_a2q_tw walkers=83333 (3583319..3666651) steps=30 mode=0 sched=single-bucket delta_t=0 policy=0
rank=43 loaded data/96/stackoverflow_a2q_tw.sub43.txt (|V_local|=24647  t_range=[1902608,239692780])
rank=43 loaded routing data/96/stackoverflow_a2q_tw.rt43.txt (13078 entries)
rank=43 added 277 boundary-only nodes from routing
rank=15/96 dataset=stackoverflow_a2q_tw walkers=83333 (1249995..1333327) steps=30 mode=0 sched=single-bucket delta_t=0 policy=0
rank=15 loaded data/96/stackoverflow_a2q_tw.sub15.txt (|V_local|=24448  t_range=[256708,239697194])
rank=15 loaded routing data/96/stackoverflow_a2q_tw.rt15.txt (17044 entries)
rank=15 added 481 boundary-only nodes from routing
rank=31/96 dataset=stackoverflow_a2q_tw walkers=83333 (2583323..2666655) steps=30 mode=0 sched=single-bucket delta_t=0 policy=0
rank=31 loaded data/96/stackoverflow_a2q_tw.sub31.txt (|V_local|=26190  t_range=[1611209,239694952])
rank=31 loaded routing data/96/stackoverflow_a2q_tw.rt31.txt (12807 entries)
rank=31 added 254 boundary-only nodes from routing
rank=19/96 dataset=stackoverflow_a2q_tw walkers=83333 (1583327..1666659) steps=30 mode=0 sched=single-bucket delta_t=0 policy=0
rank=19 loaded data/96/stackoverflow_a2q_tw.sub19.txt (|V_local|=24675  t_range=[5327795,239689731])
rank=19 loaded routing data/96/stackoverflow_a2q_tw.rt19.txt (15725 entries)
rank=19 added 257 boundary-only nodes from routing
rank=47/96 dataset=stackoverflow_a2q_tw walkers=83333 (3916651..3999983) steps=30 mode=0 sched=single-bucket delta_t=0 policy=0
rank=55/96 dataset=stackoverflow_a2q_tw walkers=83333 (4583315..4666647) steps=30 mode=0 sched=single-bucket delta_t=0 policy=0
rank=55 loaded data/96/stackoverflow_a2q_tw.sub55.txt (|V_local|=26314  t_range=[2915182,239694756])
rank=55 loaded routing data/96/stackoverflow_a2q_tw.rt55.txt (11040 entries)
rank=55 added 130 boundary-only nodes from routing
rank=94/96 dataset=stackoverflow_a2q_tw walkers=83333 (7833302..7916634) steps=30 mode=0 sched=single-bucket delta_t=0 policy=0
rank=94 loaded data/96/stackoverflow_a2q_tw.sub94.txt (|V_local|=24924  t_range=[5775685,239694854])
rank=94 loaded routing data/96/stackoverflow_a2q_tw.rt94.txt (518 entries)
rank=90/96 dataset=stackoverflow_a2q_tw walkers=83333 (7499970..7583302) steps=30 mode=0 sched=single-bucket delta_t=0 policy=0
rank=90 loaded data/96/stackoverflow_a2q_tw.sub90.txt (|V_local|=24274  t_range=[778301,239692556])
rank=90 loaded routing data/96/stackoverflow_a2q_tw.rt90.txt (17209 entries)
rank=90 added 648 boundary-only nodes from routing
rank=78/96 dataset=stackoverflow_a2q_tw walkers=83333 (6499974..6583306) steps=30 mode=0 sched=single-bucket delta_t=0 policy=0
rank=78 loaded data/96/stackoverflow_a2q_tw.sub78.txt (|V_local|=24307  t_range=[3973512,239687680])
rank=78 loaded routing data/96/stackoverflow_a2q_tw.rt78.txt (17276 entries)
rank=78 added 622 boundary-only nodes from routing
rank=65/96 dataset=stackoverflow_a2q_tw walkers=83333 (5416645..5499977) steps=30 mode=0 sched=single-bucket delta_t=0 policy=0
rank=65 loaded data/96/stackoverflow_a2q_tw.sub65.txt (|V_local|=26256  t_range=[3955293,239698479])
rank=65 loaded routing data/96/stackoverflow_a2q_tw.rt65.txt (14703 entries)
rank=65 added 187 boundary-only nodes from routing
rank=81/96 dataset=stackoverflow_a2q_tw walkers=83333 (6749973..6833305) steps=30 mode=0 sched=single-bucket delta_t=0 policy=0
rank=81 loaded data/96/stackoverflow_a2q_tw.sub81.txt (|V_local|=24424  t_range=[6940406,239694200])
rank=81 loaded routing data/96/stackoverflow_a2q_tw.rt81.txt (15069 entries)
rank=81 added 504 boundary-only nodes from routing
rank=95/96 dataset=stackoverflow_a2q_tw walkers=83333 (7916635..7999967) steps=30 mode=0 sched=single-bucket delta_t=0 policy=0
rank=95 loaded data/96/stackoverflow_a2q_tw.sub95.txt (|V_local|=25000  t_range=[4731496,239692240])
rank=95 loaded routing data/96/stackoverflow_a2q_tw.rt95.txt (536 entries)
rank=59/96 dataset=stackoverflow_a2q_tw walkers=83333 (4916647..4999979) steps=30 mode=0 sched=single-bucket delta_t=0 policy=0
rank=59 loaded data/96/stackoverflow_a2q_tw.sub59.txt (|V_local|=24610  t_range=[2150863,239696300])
rank=59 loaded routing data/96/stackoverflow_a2q_tw.rt59.txt (15324 entries)
rank=59 added 327 boundary-only nodes from routing
rank=86/96 dataset=stackoverflow_a2q_tw walkers=83333 (7166638..7249970) steps=30 mode=0 sched=single-bucket delta_t=0 policy=0
rank=86 loaded data/96/stackoverflow_a2q_tw.sub86.txt (|V_local|=26288  t_range=[7885713,239698686])
rank=86 loaded routing data/96/stackoverflow_a2q_tw.rt86.txt (15892 entries)
rank=86 added 156 boundary-only nodes from routing
rank=76/96 dataset=stackoverflow_a2q_tw walkers=83333 (6333308..6416640) steps=30 mode=0 sched=single-bucket delta_t=0 policy=0
rank=76 loaded data/96/stackoverflow_a2q_tw.sub76.txt (|V_local|=26281  t_range=[4161743,239697973])
rank=76 loaded routing data/96/stackoverflow_a2q_tw.rt76.txt (15852 entries)
rank=76 added 157 boundary-only nodes from routing
rank=91/96 dataset=stackoverflow_a2q_tw walkers=83333 (7583303..7666635) steps=30 mode=0 sched=single-bucket delta_t=0 policy=0
rank=91 loaded data/96/stackoverflow_a2q_tw.sub91.txt (|V_local|=24251  t_range=[1203440,239694889])
rank=91 loaded routing data/96/stackoverflow_a2q_tw.rt91.txt (17524 entries)
rank=91 added 670 boundary-only nodes from routing
rank=72/96 dataset=stackoverflow_a2q_tw walkers=83333 (5999976..6083308) steps=30 mode=0 sched=single-bucket delta_t=0 policy=0
rank=72 loaded data/96/stackoverflow_a2q_tw.sub72.txt (|V_local|=24242  t_range=[2655650,239698519])
rank=72 loaded routing data/96/stackoverflow_a2q_tw.rt72.txt (17642 entries)
rank=72 added 684 boundary-only nodes from routing
rank=66/96 dataset=stackoverflow_a2q_tw walkers=83333 (5499978..5583310) steps=30 mode=0 sched=single-bucket delta_t=0 policy=0
rank=66 loaded data/96/stackoverflow_a2q_tw.sub66.txt (|V_local|=24181  t_range=[2440665,239691541])
rank=66 loaded routing data/96/stackoverflow_a2q_tw.rt66.txt (17497 entries)
rank=66 added 749 boundary-only nodes from routing
rank=63/96 dataset=stackoverflow_a2q_tw walkers=83333 (5249979..5333311) steps=30 mode=0 sched=single-bucket delta_t=0 policy=0
rank=63 loaded data/96/stackoverflow_a2q_tw.sub63.txt (|V_local|=24625  t_range=[3962593,239694962])
rank=63 loaded routing data/96/stackoverflow_a2q_tw.rt63.txt (12986 entries)
rank=63 added 321 boundary-only nodes from routing
rank=68/96 dataset=stackoverflow_a2q_tw walkers=83333 (5666644..5749976) steps=30 mode=0 sched=single-bucket delta_t=0 policy=0
rank=68 loaded data/96/stackoverflow_a2q_tw.sub68.txt (|V_local|=26288  t_range=[307056,239694147])
rank=68 loaded routing data/96/stackoverflow_a2q_tw.rt68.txt (13412 entries)
rank=68 added 156 boundary-only nodes from routing
rank=49/96 dataset=stackoverflow_a2q_tw walkers=83333 (4083317..4166649) steps=30 mode=0 sched=single-bucket delta_t=0 policy=0
rank=49 loaded data/96/stackoverflow_a2q_tw.sub49.txt (|V_local|=26321  t_range=[288261,239662518])
rank=49 loaded routing data/96/stackoverflow_a2q_tw.rt49.txt (11929 entries)
rank=49 added 123 boundary-only nodes from routing
rank=82/96 dataset=stackoverflow_a2q_tw walkers=83333 (6833306..6916638) steps=30 mode=0 sched=single-bucket delta_t=0 policy=0
rank=82 loaded data/96/stackoverflow_a2q_tw.sub82.txt (|V_local|=24317  t_range=[3152683,239698412])
rank=82 loaded routing data/96/stackoverflow_a2q_tw.rt82.txt (17004 entries)
rank=82 added 614 boundary-only nodes from routing
rank=88/96 dataset=stackoverflow_a2q_tw walkers=83333 (7333304..7416636) steps=30 mode=0 sched=single-bucket delta_t=0 policy=0
rank=88 loaded data/96/stackoverflow_a2q_tw.sub88.txt (|V_local|=26286  t_range=[3329795,239683108])
rank=88 loaded routing data/96/stackoverflow_a2q_tw.rt88.txt (15038 entries)
rank=88 added 158 boundary-only nodes from routing
rank=70/96 dataset=stackoverflow_a2q_tw walkers=83333 (5833310..5916642) steps=30 mode=0 sched=single-bucket delta_t=0 policy=0
rank=70 loaded data/96/stackoverflow_a2q_tw.sub70.txt (|V_local|=26204  t_range=[7091315,239698235])
rank=70 loaded routing data/96/stackoverflow_a2q_tw.rt70.txt (15667 entries)
rank=70 added 239 boundary-only nodes from routing
rank=85/96 dataset=stackoverflow_a2q_tw walkers=83333 (7083305..7166637) steps=30 mode=0 sched=single-bucket delta_t=0 policy=0
rank=85 loaded data/96/stackoverflow_a2q_tw.sub85.txt (|V_local|=26306  t_range=[7345323,239687288])
rank=85 loaded routing data/96/stackoverflow_a2q_tw.rt85.txt (16060 entries)
rank=85 added 138 boundary-only nodes from routing
rank=87/96 dataset=stackoverflow_a2q_tw walkers=83333 (7249971..7333303) steps=30 mode=0 sched=single-bucket delta_t=0 policy=0
rank=87 loaded data/96/stackoverflow_a2q_tw.sub87.txt (|V_local|=24340  t_range=[166968,239695947])
rank=87 loaded routing data/96/stackoverflow_a2q_tw.rt87.txt (17694 entries)
rank=87 added 583 boundary-only nodes from routing
rank=67/96 dataset=stackoverflow_a2q_tw walkers=83333 (5583311..5666643) steps=30 mode=0 sched=single-bucket delta_t=0 policy=0
rank=67 loaded data/96/stackoverflow_a2q_tw.sub67.txt (|V_local|=26207  t_range=[4059455,239698816])
rank=67 loaded routing data/96/stackoverflow_a2q_tw.rt67.txt (15905 entries)
rank=67 added 232 boundary-only nodes from routing
rank=69/96 dataset=stackoverflow_a2q_tw walkers=83333 (5749977..5833309) steps=30 mode=0 sched=single-bucket delta_t=0 policy=0
rank=69 loaded data/96/stackoverflow_a2q_tw.sub69.txt (|V_local|=24166  t_range=[1803680,239698712])
rank=69 loaded routing data/96/stackoverflow_a2q_tw.rt69.txt (17277 entries)
rank=69 added 759 boundary-only nodes from routing
rank=47 loaded data/96/stackoverflow_a2q_tw.sub47.txt (|V_local|=26291  t_range=[9344933,239696671])
rank=47 loaded routing data/96/stackoverflow_a2q_tw.rt47.txt (14514 entries)
rank=47 added 146 boundary-only nodes from routing
rank=40/96 dataset=stackoverflow_a2q_tw walkers=83333 (3333320..3416652) steps=30 mode=0 sched=single-bucket delta_t=0 policy=0
rank=40 loaded data/96/stackoverflow_a2q_tw.sub40.txt (|V_local|=26187  t_range=[4555615,239698639])
rank=40 loaded routing data/96/stackoverflow_a2q_tw.rt40.txt (16460 entries)
rank=40 added 249 boundary-only nodes from routing
rank=16/96 dataset=stackoverflow_a2q_tw walkers=83333 (1333328..1416660) steps=30 mode=0 sched=single-bucket delta_t=0 policy=0
rank=16 loaded data/96/stackoverflow_a2q_tw.sub16.txt (|V_local|=26338  t_range=[9970866,239698614])
rank=16 loaded routing data/96/stackoverflow_a2q_tw.rt16.txt (15923 entries)
rank=16 added 106 boundary-only nodes from routing
rank=80/96 dataset=stackoverflow_a2q_tw walkers=83333 (6666640..6749972) steps=30 mode=0 sched=single-bucket delta_t=0 policy=0
rank=80 loaded data/96/stackoverflow_a2q_tw.sub80.txt (|V_local|=26272  t_range=[23563519,239698299])
rank=80 loaded routing data/96/stackoverflow_a2q_tw.rt80.txt (15684 entries)
rank=80 added 159 boundary-only nodes from routing
rank=74/96 dataset=stackoverflow_a2q_tw walkers=83333 (6166642..6249974) steps=30 mode=0 sched=single-bucket delta_t=0 policy=0
rank=74 loaded data/96/stackoverflow_a2q_tw.sub74.txt (|V_local|=26297  t_range=[3102051,239688520])
rank=74 loaded routing data/96/stackoverflow_a2q_tw.rt74.txt (12497 entries)
rank=74 added 144 boundary-only nodes from routing
rank=75/96 dataset=stackoverflow_a2q_tw walkers=83333 (6249975..6333307) steps=30 mode=0 sched=single-bucket delta_t=0 policy=0
rank=75 loaded data/96/stackoverflow_a2q_tw.sub75.txt (|V_local|=24205  t_range=[3638494,239698486])
rank=75 loaded routing data/96/stackoverflow_a2q_tw.rt75.txt (17270 entries)
rank=75 added 719 boundary-only nodes from routing
rank=84/96 dataset=stackoverflow_a2q_tw walkers=83333 (6999972..7083304) steps=30 mode=0 sched=single-bucket delta_t=0 policy=0
rank=84 loaded data/96/stackoverflow_a2q_tw.sub84.txt (|V_local|=24352  t_range=[3728262,239695600])
rank=84 loaded routing data/96/stackoverflow_a2q_tw.rt84.txt (17663 entries)
rank=84 added 572 boundary-only nodes from routing
rank=79/96 dataset=stackoverflow_a2q_tw walkers=83333 (6583307..6666639) steps=30 mode=0 sched=single-bucket delta_t=0 policy=0
rank=79 loaded data/96/stackoverflow_a2q_tw.sub79.txt (|V_local|=26163  t_range=[6966412,239696094])
rank=79 loaded routing data/96/stackoverflow_a2q_tw.rt79.txt (15582 entries)
rank=79 added 278 boundary-only nodes from routing
rank=89/96 dataset=stackoverflow_a2q_tw walkers=83333 (7416637..7499969) steps=30 mode=0 sched=single-bucket delta_t=0 policy=0
rank=89 loaded data/96/stackoverflow_a2q_tw.sub89.txt (|V_local|=26300  t_range=[310972,239691454])
rank=89 loaded routing data/96/stackoverflow_a2q_tw.rt89.txt (13440 entries)
rank=89 added 144 boundary-only nodes from routing
rank=77/96 dataset=stackoverflow_a2q_tw walkers=83333 (6416641..6499973) steps=30 mode=0 sched=single-bucket delta_t=0 policy=0
rank=77 loaded data/96/stackoverflow_a2q_tw.sub77.txt (|V_local|=26297  t_range=[22351314,239688717])
rank=77 loaded routing data/96/stackoverflow_a2q_tw.rt77.txt (15448 entries)
rank=77 added 147 boundary-only nodes from routing
rank=71/96 dataset=stackoverflow_a2q_tw walkers=83333 (5916643..5999975) steps=30 mode=0 sched=single-bucket delta_t=0 policy=0
rank=71 loaded data/96/stackoverflow_a2q_tw.sub71.txt (|V_local|=26329  t_range=[11448273,239693563])
rank=71 loaded routing data/96/stackoverflow_a2q_tw.rt71.txt (13497 entries)
rank=71 added 115 boundary-only nodes from routing
rank=45/96 dataset=stackoverflow_a2q_tw walkers=83333 (3749985..3833317) steps=30 mode=0 sched=single-bucket delta_t=0 policy=0
rank=45 loaded data/96/stackoverflow_a2q_tw.sub45.txt (|V_local|=24299  t_range=[2343676,239684979])
rank=45 loaded routing data/96/stackoverflow_a2q_tw.rt45.txt (16866 entries)
rank=45 added 627 boundary-only nodes from routing
rank=22/96 dataset=stackoverflow_a2q_tw walkers=83333 (1833326..1916658) steps=30 mode=0 sched=single-bucket delta_t=0 policy=0
rank=22 loaded data/96/stackoverflow_a2q_tw.sub22.txt (|V_local|=26303  t_range=[5196905,239693020])
rank=22 loaded routing data/96/stackoverflow_a2q_tw.rt22.txt (16644 entries)
rank=22 added 132 boundary-only nodes from routing
rank=44/96 dataset=stackoverflow_a2q_tw walkers=83333 (3666652..3749984) steps=30 mode=0 sched=single-bucket delta_t=0 policy=0
rank=44 loaded data/96/stackoverflow_a2q_tw.sub44.txt (|V_local|=24377  t_range=[3989969,239691828])
rank=44 loaded routing data/96/stackoverflow_a2q_tw.rt44.txt (15744 entries)
rank=44 added 549 boundary-only nodes from routing
rank=11/96 dataset=stackoverflow_a2q_tw walkers=83333 (916663..999995) steps=30 mode=0 sched=single-bucket delta_t=0 policy=0
rank=11 loaded data/96/stackoverflow_a2q_tw.sub11.txt (|V_local|=26269  t_range=[5097706,239698021])
rank=11 loaded routing data/96/stackoverflow_a2q_tw.rt11.txt (15816 entries)
rank=11 added 172 boundary-only nodes from routing
rank=20/96 dataset=stackoverflow_a2q_tw walkers=83333 (1666660..1749992) steps=30 mode=0 sched=single-bucket delta_t=0 policy=0
rank=20 loaded data/96/stackoverflow_a2q_tw.sub20.txt (|V_local|=26302  t_range=[13656122,239674444])
rank=20 loaded routing data/96/stackoverflow_a2q_tw.rt20.txt (16914 entries)
rank=20 added 138 boundary-only nodes from routing
rank=33/96 dataset=stackoverflow_a2q_tw walkers=83333 (2749989..2833321) steps=30 mode=0 sched=single-bucket delta_t=0 policy=0
rank=33 loaded data/96/stackoverflow_a2q_tw.sub33.txt (|V_local|=24030  t_range=[1631927,239696683])
rank=33 loaded routing data/96/stackoverflow_a2q_tw.rt33.txt (17060 entries)
rank=33 added 905 boundary-only nodes from routing
rank=35/96 dataset=stackoverflow_a2q_tw walkers=83333 (2916655..2999987) steps=30 mode=0 sched=single-bucket delta_t=0 policy=0
rank=35 loaded data/96/stackoverflow_a2q_tw.sub35.txt (|V_local|=24354  t_range=[358288,239679980])
rank=35 loaded routing data/96/stackoverflow_a2q_tw.rt35.txt (14332 entries)
rank=35 added 572 boundary-only nodes from routing
rank=39/96 dataset=stackoverflow_a2q_tw walkers=83333 (3249987..3333319) steps=30 mode=0 sched=single-bucket delta_t=0 policy=0
rank=39 loaded data/96/stackoverflow_a2q_tw.sub39.txt (|V_local|=24505  t_range=[477915,239691020])
rank=39 loaded routing data/96/stackoverflow_a2q_tw.rt39.txt (15796 entries)
rank=39 added 420 boundary-only nodes from routing
rank=18/96 dataset=stackoverflow_a2q_tw walkers=83333 (1499994..1583326) steps=30 mode=0 sched=single-bucket delta_t=0 policy=0
rank=18 loaded data/96/stackoverflow_a2q_tw.sub18.txt (|V_local|=24551  t_range=[4131866,239695626])
rank=18 loaded routing data/96/stackoverflow_a2q_tw.rt18.txt (14894 entries)
rank=18 added 376 boundary-only nodes from routing
rank=36/96 dataset=stackoverflow_a2q_tw walkers=83333 (2999988..3083320) steps=30 mode=0 sched=single-bucket delta_t=0 policy=0
rank=36 loaded data/96/stackoverflow_a2q_tw.sub36.txt (|V_local|=24367  t_range=[4555343,239692135])
rank=36 loaded routing data/96/stackoverflow_a2q_tw.rt36.txt (16512 entries)
rank=36 added 558 boundary-only nodes from routing
rank=46/96 dataset=stackoverflow_a2q_tw walkers=83333 (3833318..3916650) steps=30 mode=0 sched=single-bucket delta_t=0 policy=0
rank=46 loaded data/96/stackoverflow_a2q_tw.sub46.txt (|V_local|=26355  t_range=[6363868,239697243])
rank=46 loaded routing data/96/stackoverflow_a2q_tw.rt46.txt (9355 entries)
rank=46 added 89 boundary-only nodes from routing
rank=38/96 dataset=stackoverflow_a2q_tw walkers=83333 (3166654..3249986) steps=30 mode=0 sched=single-bucket delta_t=0 policy=0
rank=38 loaded data/96/stackoverflow_a2q_tw.sub38.txt (|V_local|=26164  t_range=[4574776,239696278])
rank=38 loaded routing data/96/stackoverflow_a2q_tw.rt38.txt (16791 entries)
rank=38 added 269 boundary-only nodes from routing
rank=30/96 dataset=stackoverflow_a2q_tw walkers=83333 (2499990..2583322) steps=30 mode=0 sched=single-bucket delta_t=0 policy=0
rank=30 loaded data/96/stackoverflow_a2q_tw.sub30.txt (|V_local|=23790  t_range=[391430,239688769])
rank=30 loaded routing data/96/stackoverflow_a2q_tw.rt30.txt (16861 entries)
rank=30 added 1140 boundary-only nodes from routing
rank=41/96 dataset=stackoverflow_a2q_tw walkers=83333 (3416653..3499985) steps=30 mode=0 sched=single-bucket delta_t=0 policy=0
rank=41 loaded data/96/stackoverflow_a2q_tw.sub41.txt (|V_local|=25925  t_range=[3596498,239694860])
rank=41 loaded routing data/96/stackoverflow_a2q_tw.rt41.txt (16792 entries)
rank=41 added 344 boundary-only nodes from routing
rank=32/96 dataset=stackoverflow_a2q_tw walkers=83333 (2666656..2749988) steps=30 mode=0 sched=single-bucket delta_t=0 policy=0
rank=32 loaded data/96/stackoverflow_a2q_tw.sub32.txt (|V_local|=25950  t_range=[1639488,239693455])
rank=32 loaded routing data/96/stackoverflow_a2q_tw.rt32.txt (15290 entries)
rank=32 added 493 boundary-only nodes from routing
rank=42/96 dataset=stackoverflow_a2q_tw walkers=83333 (3499986..3583318) steps=30 mode=0 sched=single-bucket delta_t=0 policy=0
rank=42 loaded data/96/stackoverflow_a2q_tw.sub42.txt (|V_local|=24344  t_range=[1890156,239671803])
rank=42 loaded routing data/96/stackoverflow_a2q_tw.rt42.txt (16908 entries)
rank=42 added 580 boundary-only nodes from routing
rank=37/96 dataset=stackoverflow_a2q_tw walkers=83333 (3083321..3166653) steps=30 mode=0 sched=single-bucket delta_t=0 policy=0
rank=37 loaded data/96/stackoverflow_a2q_tw.sub37.txt (|V_local|=26271  t_range=[4117606,239686029])
rank=37 loaded routing data/96/stackoverflow_a2q_tw.rt37.txt (15325 entries)
rank=37 added 173 boundary-only nodes from routing
rank=24/96 dataset=stackoverflow_a2q_tw walkers=83333 (1999992..2083324) steps=30 mode=0 sched=single-bucket delta_t=0 policy=0
rank=24 loaded data/96/stackoverflow_a2q_tw.sub24.txt (|V_local|=23888  t_range=[426786,239695897])
rank=24 loaded routing data/96/stackoverflow_a2q_tw.rt24.txt (17221 entries)
rank=24 added 1041 boundary-only nodes from routing
rank=29/96 dataset=stackoverflow_a2q_tw walkers=83333 (2416657..2499989) steps=30 mode=0 sched=single-bucket delta_t=0 policy=0
rank=29 loaded data/96/stackoverflow_a2q_tw.sub29.txt (|V_local|=24352  t_range=[1607731,239695898])
rank=29 loaded routing data/96/stackoverflow_a2q_tw.rt29.txt (15459 entries)
rank=29 added 2084 boundary-only nodes from routing
rank=14/96 dataset=stackoverflow_a2q_tw walkers=83333 (1166662..1249994) steps=30 mode=0 sched=single-bucket delta_t=0 policy=0
rank=14 loaded data/96/stackoverflow_a2q_tw.sub14.txt (|V_local|=26301  t_range=[16432117,239697608])
rank=14 loaded routing data/96/stackoverflow_a2q_tw.rt14.txt (16271 entries)
rank=14 added 140 boundary-only nodes from routing
rank=23/96 dataset=stackoverflow_a2q_tw walkers=83333 (1916659..1999991) steps=30 mode=0 sched=single-bucket delta_t=0 policy=0
rank=23 loaded data/96/stackoverflow_a2q_tw.sub23.txt (|V_local|=24608  t_range=[4301832,239690315])
rank=23 loaded routing data/96/stackoverflow_a2q_tw.rt23.txt (17129 entries)
rank=23 added 322 boundary-only nodes from routing
rank=7/96 dataset=stackoverflow_a2q_tw walkers=83333 (583331..666663) steps=30 mode=0 sched=single-bucket delta_t=0 policy=0
rank=7 loaded data/96/stackoverflow_a2q_tw.sub7.txt (|V_local|=26268  t_range=[546717,239691913])
rank=7 loaded routing data/96/stackoverflow_a2q_tw.rt7.txt (12244 entries)
rank=7 added 176 boundary-only nodes from routing
rank=27/96 dataset=stackoverflow_a2q_tw walkers=83333 (2249991..2333323) steps=30 mode=0 sched=single-bucket delta_t=0 policy=0
rank=27 loaded data/96/stackoverflow_a2q_tw.sub27.txt (|V_local|=23318  t_range=[1252149,239692667])
rank=27 loaded routing data/96/stackoverflow_a2q_tw.rt27.txt (17158 entries)
rank=27 added 1606 boundary-only nodes from routing
